// Jest Snapshot v1, https://goo.gl/fbAQLP

exports[`Navigation renders correctly 1`] = `
.c0 {
  padding: 20px;
  background-color: #003B7A;
  text-align: right;
}

.c1 {
  padding: 0 10px;
  color: #FAFAFF;
  -webkit-text-decoration: none;
  text-decoration: none;
}

.c1:hover {
  color: #CAE5FF;
}

<nav
  className="c0"
>
  <a
    className="c1"
    href="#About"
  >
    About
  </a>
  <a
    className="c1"
    href="#Portfolio"
  >
    Portfolio
  </a>
  <a
    className="c1"
    href="#Contact"
  >
    Contact
  </a>
</nav>
`;
