// Jest Snapshot v1, https://goo.gl/fbAQLP

exports[`Portfolio renders correctly 1`] = `
<div
  className=""
>
  <div
    className=""
  >
    <button
      onClick={[Function]}
    >
      <h3>
        QRPG
      </h3>
      <p>
        QRPG is a Steam Workshop mod that provides UI and Data Management solutions for playing Role Playing Games within the physics sandbox game Tabletop Simulator.
      </p>
    </button>
    <img
      alt="alt"
      src="sample.png"
    />
  </div>
  <div
    className=""
  >
    <button
      onClick={[Function]}
    >
      <h3>
        My Little Charlotte
      </h3>
      <p>
        My Little Charlotte is a data scraping and data analysis tool, built using Puppeteer and Node JS.
      </p>
    </button>
    <img
      alt="alt"
      src="sample.png"
    />
  </div>
</div>
`;
